../Core/Src/main.c:95:5:__io_putchar	16	static
../Core/Src/main.c:108:6:delay_us	16	static
../Core/Src/main.c:120:13:applyPulses	24	static
../Core/Src/main.c:135:13:PWM_START	8	static
../Core/Src/main.c:155:13:PWM_RIGHT_FRONT_SPEED	16	static
../Core/Src/main.c:169:13:PWM_LEFT_FRONT_SPEED	16	static
../Core/Src/main.c:183:13:PWM_RIGHT_BACK_SPEED	16	static
../Core/Src/main.c:197:13:PWM_LEFT_BACK_SPEED	16	static
../Core/Src/main.c:212:13:Discharge_Capacitor	32	static
../Core/Src/main.c:239:13:ADC_Read_Channel	40	static
../Core/Src/main.c:274:13:Parse_Received_Data	16	static
../Core/Src/main.c:306:13:Perform_Cap_Measurement	8	static
../Core/Src/main.c:332:5:main	8	static
../Core/Src/main.c:417:6:SystemClock_Config	88	static
../Core/Src/main.c:460:13:MX_ADC1_Init	8	static
../Core/Src/main.c:481:13:MX_TIM1_Init	32	static
../Core/Src/main.c:518:13:MX_TIM2_Init	48	static
../Core/Src/main.c:559:13:MX_TIM3_Init	48	static
../Core/Src/main.c:617:13:MX_TIM4_Init	48	static
../Core/Src/main.c:675:13:MX_USART1_UART_Init	8	static
../Core/Src/main.c:696:13:MX_GPIO_Init	32	static
../Core/Src/main.c:723:6:HAL_UART_RxCpltCallback	16	static
../Core/Src/main.c:757:6:Error_Handler	4	static,ignoring_inline_asm
